> #!/usr/bin/env Rscript
> 
> #==========================================#
> # SCRIPT6
> #==========================================#
> # Script pour interagir avec la base de données Neo4j
> 
> 
> #------------------------------------------#
> # Chargement des librairies
> #------------------------------------------#
> library(neo2R)
> library(tidyverse)
── Attaching core tidyverse packages ──────────────────────── tidyverse 2.0.0 ──
✔ dplyr     1.1.4     ✔ readr     2.1.6
✔ forcats   1.0.1     ✔ stringr   1.6.0
✔ ggplot2   4.0.1     ✔ tibble    3.3.0
✔ lubridate 1.9.4     ✔ tidyr     1.3.1
✔ purrr     1.2.0     
── Conflicts ────────────────────────────────────────── tidyverse_conflicts() ──
✖ dplyr::filter() masks stats::filter()
✖ dplyr::lag()    masks stats::lag()
ℹ Use the conflicted package (<http://conflicted.r-lib.org/>) to force all conflicts to become errors
> library(reticulate)
> library(jsonlite)

Attaching package: ‘jsonlite’

The following object is masked from ‘package:purrr’:

    flatten

> 
> # On nettoie le cache
> rm(list=ls())
> gc()
          used  (Mb) gc trigger (Mb) max used  (Mb)
Ncells 2182367 116.6    3218838  172  3218838 172.0
Vcells 3701045  28.3    8388608   64  6729645  51.4
> 
> #------------------------------------------#
> # Connexion à la base de données Neo4j
> #------------------------------------------#
> neodb <- startGraph(
+   "http://localhost:7474",
+   check = FALSE,
+   username = "neo4j", 
+   password = "omybioinfo",
+   importPath = paste0(getwd(), "/neo4j.import"),
+   .opts = list(ssl_verifypeer=0)
+ )
Error in curl::curl_fetch_memory(url, handle = handle) : 
  Failure when receiving data from the peer [localhost]:
Recv failure: Connection reset by peer
Calls: startGraph ... request_fetch.write_memory -> <Anonymous> -> raise_libcurl_error
Execution halted
